file path	test/data/raw/stats/exp_1_lossy.blow5
file version	0.1.0
file format	BLOW5
record compression method	none
signal compression method	none
number of read groups	1
number of auxiliary fields	0
auxiliary fields
number of records	1
